exports[`Button renders correctly 1`] = `
<div
  class="fDOgEY">
  <button
    class="bEIpTZ">
    Text
  </button>
</div>
`;
