exports[`Container renders correctly 1`] = `
<div
  class="fmLYBC">
  Text
</div>
`;
