exports[`Slider renders correctly 1`] = `
<div
  class="kFmWPD">
  <input
    max="100"
    min="0"
    type="range"
    value="0" />
</div>
`;

exports[`Slider renders with props 1`] = `
<div
  class="ebwAsg"
  disabled="">
  <label>
    Hi 
  </label>
  <input
    disabled=""
    max="10"
    min="1"
    step="1"
    type="range"
    value="5" />
</div>
`;
