exports[`Toolbar renders correctly 1`] = `
<div
  class="cHqaYZ">
  <div
    class="fDOgEY">
    <button
      class="bEIpTZ">
      1
    </button>
  </div>
  <div
    class="jqzjUn" />
  <div
    class="dbmnmg" />
  <div
    class="fDOgEY">
    <button
      class="bEIpTZ">
      2
    </button>
  </div>
</div>
`;

exports[`Toolbar renders with props 1`] = `
<div
  class="igLnPH" />
`;
